<?xml version="1.0" encoding="UTF-8"?>
<ct:directory xmlns:ct="urn:copytree" path="<PROJECT_ROOT>">
  <ct:metadata>
    <ct:generated><TIMESTAMP></ct:generated>
    <ct:fileCount>3</ct:fileCount>
    <ct:totalSize>77</ct:totalSize>
    <ct:profile>default</ct:profile>
    <ct:directoryStructure>├── src/
</ct:directory>
  </ct:files>
  </ct:metadata>
    <ct:file path="@index.js" size="22" modified="<TIMESTAMP>"></ct:file>
    <ct:file path="@README.md" size="15" modified="<TIMESTAMP>"></ct:file>
    <ct:file path="@src/test.js" size="40" modified="<TIMESTAMP>"></ct:file>
  <ct:files>
    <ct:instructions name="default"><![CDATA[This XML document represents the directory structure and contents of a project, which you will analyze to answer user questions. Reference files using @ followed by the relative path from the project root (e.g., @README.md, @src/app.js). The @ notation must not be enclosed in backticks. For example, always write "...in the file @app/page.tsx..." and never "...in the file `@app/page.tsx`...". You can also reference directories with @directory/path to instruct the agent to examine multiple files.]]></ct:instructions>
🖥️ 3 files [<MEMORY>] displayed to terminal
├── index.js
└── README.md</ct:directoryStructure>
│   └── test.js