---
format: copytree-md@1
tool: copytree
generated: "<TIMESTAMP>"
base_path: "<PROJECT_ROOT>"
profile: "default"
file_count: 3
total_size_bytes: 77
char_limit_applied: false
only_tree: false
include_git_status: false
include_line_numbers: false
instructions:
  name: "default"
  included: true
---

# CopyTree Export — simple-project

## Directory Tree
```text
├── src/
│   └── test.js (40 B)
├── index.js (22 B)
└── README.md (15 B)
```

## Instructions

<!-- copytree:instructions-begin name="default" -->
```text
This XML document represents the directory structure and contents of a project, which you will analyze to answer user questions. Reference files using @ followed by the relative path from the project root (e.g., @README.md, @src/app.js). The @ notation must not be enclosed in backticks. For example, always write "...in the file @app/page.tsx..." and never "...in the file `@app/page.tsx`...". You can also reference directories with @directory/path to instruct the agent to examine multiple files.
```

<!-- copytree:instructions-end name="default" -->

<!-- copytree:file-begin path="@index.js" size=22 modified="<TIMESTAMP>" hash="sha256:ca28d4e130339be96924c338e727c848a2e52d901837a76abb1e921da860e679" binary=false encoding="utf8" truncated=false -->

### @index.js

```js
console.log('Hello');

```

<!-- copytree:file-end path="@index.js" -->

<!-- copytree:file-begin path="@README.md" size=15 modified="<TIMESTAMP>" hash="sha256:d4ad9c87725fe5e63d14298b274307d6723233b916d065a005d96dbfe4f44f17" binary=false encoding="utf8" truncated=false -->

### @README.md

```markdown
# Test Project

```

<!-- copytree:file-end path="@README.md" -->

<!-- copytree:file-begin path="@src/test.js" size=40 modified="<TIMESTAMP>" hash="sha256:f5c226999c18c0561a682d753a38652568e934baa38aefadad63b8cd7e8e0c95" binary=false encoding="utf8" truncated=false -->

### @src/test.js

```js
export function test() {
  return 42;
}

```

<!-- copytree:file-end path="@src/test.js" -->