{"type":"metadata","directory":"<PROJECT_ROOT>","generated":"<TIMESTAMP>","fileCount":3,"totalSize":77,"profile":"default","instructions":{"name":"default","content":"This XML document represents the directory structure and contents of a project, which you will analyze to answer user questions. Reference files using @ followed by the relative path from the project root (e.g., @README.md, @src/app.js). The @ notation must not be enclosed in backticks. For example, always write /"...in the file @app/page.tsx.../" and never /"...in the file `@app/page.tsx`.../". You can also reference directories with @directory/path to instruct the agent to examine multiple files."}}
{"type":"file","path":"index.js","size": <SIZE>,"modified":"<TIMESTAMP>","isBinary":false,"encoding":"utf8","content":"console.log('Hello');/n"}
{"type":"file","path":"README.md","size": <SIZE>,"modified":"<TIMESTAMP>","isBinary":false,"encoding":"utf8","content":"# Test Project/n"}
{"type":"file","path":"src/test.js","size": <SIZE>,"modified":"<TIMESTAMP>","isBinary":false,"encoding":"utf8","content":"export function test() {/n  return 42;/n}/n"}
{"type":"summary","fileCount":3,"totalSize":77,"processedAt":"<TIMESTAMP>"}
🖥️ 3 files [<MEMORY>] displayed to terminal